main.c:95:6:clearMap	16	static
main.c:106:6:display	16	static
main.c:117:6:displaySnake	16	static
main.c:124:6:randFood	16	static
main.c:131:5:buttonDir	16	static
main.c:162:5:checkGameLose	16	static
main.c:176:6:update	32	static
main.c:229:6:updateGameOver	64	static
main.c:243:6:gameInit	8	static
main.c:257:6:HAL_UART_RxCpltCallback	24	static
main.c:272:5:main	8	static
main.c:370:6:SystemClock_Config	88	static
main.c:411:13:MX_USART2_UART_Init	8	static
main.c:442:13:MX_GPIO_Init	48	static
main.c:477:6:Error_Handler	4	static
